// Jest Snapshot v1, https://goo.gl/fbAQLP

exports[`test should do some stuff 1`] = `
Array [
  <button
    onClick={[Function]}
    type="button"
  >
    toggle themeaa
  </button>,
  <button
    data-test="logout"
    onClick={[Function]}
    type="button"
  >
    log out
  </button>,
  <a
    href="/login"
    onClick={[Function]}
  >
    login gzip
  </a>,
  <a
    href="/"
    onClick={[Function]}
  >
    slash
  </a>,
  <a
    href="/admin"
    onClick={[Function]}
  >
    admin
  </a>,
  <div>
    write
  </div>,
  <div
    onClick={[Function]}
  >
    sort wootdesc
  </div>,
]
`;
