// Jest Snapshot v1, https://goo.gl/fbAQLP

exports[`test should do some stuff 1`] = `
Array [
  <a
    href="/login"
    onClick={[Function]}
  >
    login carpedalan
  </a>,
  <a
    href="/"
    onClick={[Function]}
  >
    slash
  </a>,
  <a
    href="/admin"
    onClick={[Function]}
  >
    admin
  </a>,
  <div>
    write
  </div>,
  <div
    onClick={[Function]}
  >
    sort wootdesc
  </div>,
]
`;
