// Jest Snapshot v1, https://goo.gl/fbAQLP

exports[`test should do some stuff 1`] = `
Array [
  <input
    onChange={[Function]}
    type="file"
  />,
  <input
    data-test="inputField"
    onChange={[Function]}
    value=""
  />,
  <button
    onClick={[Function]}
    type="button"
  >
    submit
  </button>,
]
`;
